#./src/main/resources/Entities.map
#Thu Mar 21 12:45:39 CET 2019
periodRecord4=161
periodRecord3=160
periodRecord2=159
periodRecord1=158
brotherhood4=142
brotherhood3=107
brotherhood2=106
brotherhood1=105
finder2=148
finder1=147
actor5=101
actor4=99
actor3=97
actor2=95
actor1=94
segment5=115
segment4=114
segment3=113
segment2=112
history3=176
segment1=111
history2=175
history1=174
userAccount13=93
float4=144
float3=110
float2=109
float1=108
legalRecord4=169
legalRecord3=168
legalRecord2=167
legalRecord1=166
parade4=149
parade3=120
parade2=118
parade1=116
position8=151
position7=137
position6=129
position5=135
position4=133
position3=127
position2=125
position1=122
area2=146
configurationParameters=104
area1=145
path4=150
path3=121
path2=119
path1=117
enrolment8=152
enrolment7=138
enrolment6=130
dropout3=153
enrolment5=136
dropout2=139
enrolment4=134
dropout1=131
enrolment3=128
inceptionRecord3=157
enrolment2=126
request5=154
inceptionRecord2=156
enrolment1=123
request4=141
inceptionRecord1=155
request3=140
request2=132
request1=124
chapter1=103
userAccount9=102
userAccount8=143
userAccount7=92
userAccount6=91
userAccount5=90
userAccount4=100
miscellaneousRecord4=165
userAccount3=98
linkRecord4=173
miscellaneousRecord3=164
userAccount2=96
linkRecord3=172
miscellaneousRecord2=163
userAccount1=89
linkRecord2=171
miscellaneousRecord1=162
linkRecord1=170
#Thu Mar 21 17:04:32 CET 2019
periodRecord4=153
periodRecord3=152
periodRecord2=151
periodRecord1=150
brotherhood4=135
brotherhood3=103
brotherhood2=102
brotherhood1=101
finder2=141
finder1=140
actor5=97
actor4=95
actor3=93
actor2=91
actor1=90
segment5=111
segment4=110
segment3=109
segment2=108
history3=168
segment1=107
history2=167
history1=166
userAccount13=89
float4=137
float3=106
float2=105
float1=104
legalRecord4=161
legalRecord3=160
legalRecord2=159
legalRecord1=158
parade4=142
parade3=114
parade2=113
parade1=112
position8=143
position7=130
position6=122
position5=128
position4=126
position3=120
position2=118
position1=115
area2=139
configurationParameters=100
area1=138
enrolment8=144
enrolment7=131
enrolment6=123
dropout3=145
enrolment5=129
dropout2=132
enrolment4=127
dropout1=124
enrolment3=121
inceptionRecord3=149
enrolment2=119
request5=146
inceptionRecord2=148
enrolment1=116
request4=134
inceptionRecord1=147
request3=133
request2=125
request1=117
chapter1=99
userAccount9=98
userAccount8=136
userAccount7=88
userAccount6=87
userAccount5=86
userAccount4=96
miscellaneousRecord4=157
userAccount3=94
linkRecord4=165
miscellaneousRecord3=156
userAccount2=92
linkRecord3=164
userAccount1=85
miscellaneousRecord2=155
linkRecord2=163
miscellaneousRecord1=154
linkRecord1=162