#./src/main/resources/Entities.map
#Thu Mar 21 12:45:39 CET 2019
periodRecord4=161
periodRecord3=160
periodRecord2=159
periodRecord1=158
brotherhood4=142
brotherhood3=107
brotherhood2=106
brotherhood1=105
finder2=148
finder1=147
actor5=101
actor4=99
actor3=97
actor2=95
actor1=94
segment5=115
segment4=114
segment3=113
segment2=112
history3=176
segment1=111
history2=175
history1=174
userAccount13=93
float4=144
float3=110
float2=109
float1=108
legalRecord4=169
legalRecord3=168
legalRecord2=167
legalRecord1=166
parade4=149
parade3=120
parade2=118
parade1=116
position8=151
position7=137
position6=129
position5=135
position4=133
position3=127
position2=125
position1=122
area2=146
configurationParameters=104
area1=145
path4=150
path3=121
path2=119
path1=117
enrolment8=152
enrolment7=138
enrolment6=130
dropout3=153
enrolment5=136
dropout2=139
enrolment4=134
dropout1=131
enrolment3=128
inceptionRecord3=157
enrolment2=126
request5=154
inceptionRecord2=156
enrolment1=123
request4=141
inceptionRecord1=155
request3=140
request2=132
request1=124
chapter1=103
userAccount9=102
userAccount8=143
userAccount7=92
userAccount6=91
userAccount5=90
userAccount4=100
miscellaneousRecord4=165
userAccount3=98
linkRecord4=173
miscellaneousRecord3=164
userAccount2=96
linkRecord3=172
miscellaneousRecord2=163
userAccount1=89
linkRecord2=171
miscellaneousRecord1=162
linkRecord1=170
