#./src/main/resources/Entities.map
#Thu Mar 14 17:14:22 CET 2019
periodRecord4=153
periodRecord3=152
periodRecord2=151
periodRecord1=150
brotherhood4=135
brotherhood3=103
brotherhood2=102
brotherhood1=101
finder2=141
finder1=140
actor5=97
actor4=95
actor3=93
actor2=91
actor1=90
segment5=111
segment4=110
segment3=109
segment2=108
history3=168
segment1=107
history2=167
history1=166
userAccount13=89
float4=137
float3=106
float2=105
float1=104
legalRecord4=161
legalRecord3=160
legalRecord2=159
legalRecord1=158
parade4=142
parade3=114
parade2=113
parade1=112
position8=143
position7=130
position6=122
position5=128
position4=126
position3=120
position2=118
position1=115
area2=139
configurationParameters=100
area1=138
enrolment8=144
enrolment7=131
enrolment6=123
dropout3=145
enrolment5=129
dropout2=132
enrolment4=127
dropout1=124
enrolment3=121
inceptionRecord3=149
enrolment2=119
request5=146
inceptionRecord2=148
enrolment1=116
request4=134
inceptionRecord1=147
request3=133
request2=125
request1=117
chapter1=99
userAccount9=98
userAccount8=136
userAccount7=88
userAccount6=87
userAccount5=86
userAccount4=96
miscellaneousRecord4=157
userAccount3=94
linkRecord4=165
miscellaneousRecord3=156
userAccount2=92
linkRecord3=164
userAccount1=85
miscellaneousRecord2=155
linkRecord2=163
miscellaneousRecord1=154
linkRecord1=162
